2021-03-11 22:34:55,664:INFO:flipkrat.py:Url hitted
2021-03-11 22:34:55,871:INFO:flipkrat.py:login popup handled
2021-03-11 22:34:56,219:INFO:flipkrat.py:Search begins
2021-03-11 22:34:59,039:INFO:flipkrat.py:Data saved in scrapper file
2021-03-11 22:35:58,120:INFO:flipkrat.py:Url hitted
2021-03-11 22:35:58,315:INFO:flipkrat.py:login popup handled
2021-03-11 22:35:58,591:INFO:flipkrat.py:Search begins
2021-03-11 22:36:01,400:INFO:flipkrat.py:Data saved in scrapper file
2021-03-11 22:36:23,309:INFO:flipkrat.py:Url hitted
2021-03-11 22:36:23,496:INFO:flipkrat.py:login popup handled
2021-03-11 22:36:23,770:INFO:flipkrat.py:Search begins
2021-03-11 22:36:33,418:INFO:flipkrat.py:Url hitted
2021-03-11 22:36:33,647:INFO:flipkrat.py:login popup handled
2021-03-11 22:36:34,002:INFO:flipkrat.py:Search begins
2021-03-11 22:36:36,914:INFO:flipkrat.py:Data saved in scrapper file
2021-03-11 22:37:59,845:INFO:flipkrat.py:Thread run completed
2021-03-12 18:10:07,996:INFO:flipkrat.py:Url hitted
2021-03-12 18:10:08,216:INFO:flipkrat.py:login popup handled
2021-03-12 18:10:08,649:INFO:flipkrat.py:Search begins for Nike
2021-03-12 18:10:15,835:INFO:flipkrat.py:Data saved in scrapper file
2021-03-12 18:21:17,976:INFO:flipkrat.py:Url hitted
2021-03-12 18:21:18,307:INFO:flipkrat.py:login popup handled
2021-03-12 18:21:18,661:INFO:flipkrat.py:Search begins for shorts
2021-03-12 18:21:45,120:INFO:flipkrat.py:Thread run completed
2021-03-12 18:51:46,598:INFO:flipkrat.py:Url hitted
2021-03-12 18:51:46,854:INFO:flipkrat.py:login popup handled
2021-03-12 18:51:47,148:INFO:flipkrat.py:Search begins for Nike
2021-03-12 18:51:52,934:INFO:flipkrat.py:Data saved in scrapper file
2021-03-12 18:59:13,412:INFO:flipkrat.py:Url hitted
2021-03-12 18:59:13,585:INFO:flipkrat.py:login popup handled
2021-03-12 18:59:13,871:INFO:flipkrat.py:Search begins for Nike
2021-03-12 18:59:20,027:INFO:flipkrat.py:Data saved in scrapper file
2021-03-12 19:05:39,138:INFO:flipkrat.py:Url hitted
2021-03-12 19:05:39,293:INFO:flipkrat.py:login popup handled
2021-03-12 19:05:39,627:INFO:flipkrat.py:Search begins for Saree
2021-03-12 19:05:45,435:INFO:flipkrat.py:Data saved in scrapper file
2021-03-12 19:48:30,551:INFO:flipkrat.py:Url hitted
2021-03-12 19:48:32,022:INFO:flipkrat.py:login popup handled
2021-03-12 19:48:33,971:INFO:flipkrat.py:Search begins for Nike
2021-03-12 19:48:39,271:INFO:flipkrat.py:Data saved in scrapper file
2021-03-12 19:52:16,469:INFO:flipkrat.py:Url hitted
2021-03-12 19:52:16,797:INFO:flipkrat.py:login popup handled
2021-03-12 19:52:17,244:INFO:flipkrat.py:Search begins for Nike
2021-03-12 19:52:19,627:INFO:flipkrat.py:Data saved in scrapper file
2021-03-12 22:38:31,082:INFO:flipkrat.py:Url hitted
2021-03-12 22:38:31,387:INFO:flipkrat.py:login popup handled
2021-03-12 22:38:31,835:INFO:flipkrat.py:Search begins for Nike
2021-03-12 22:38:38,080:INFO:flipkrat.py:Data saved in scrapper file
2021-08-01 15:16:07,847:INFO:flipkrat.py:Url hitted
2021-08-01 15:16:07,888:INFO:flipkrat.py:login popup handled
2021-08-01 15:16:07,981:INFO:flipkrat.py:Search begins for samsung
2021-08-01 15:16:09,936:INFO:flipkrat.py:Data saved in scrapper file
2021-08-01 15:17:33,103:INFO:flipkrat.py:Url hitted
2021-08-01 15:17:33,148:INFO:flipkrat.py:login popup handled
2021-08-01 15:17:33,252:INFO:flipkrat.py:Search begins for samsung
2021-08-01 15:17:36,074:INFO:flipkrat.py:data saved in scrapper file
2021-08-01 15:33:43,729:INFO:flipkrat.py:Url hitted
2021-08-01 15:33:43,797:INFO:flipkrat.py:login popup handled
2021-08-01 15:33:43,887:INFO:flipkrat.py:Search begins for samsung
2021-08-01 15:33:46,335:INFO:flipkrat.py:Data saved in scrapper file
2021-08-01 16:02:20,882:INFO:flipkrat.py:Url hitted
2021-08-01 16:02:20,978:INFO:flipkrat.py:login popup handled
2021-08-01 16:02:21,096:INFO:flipkrat.py:Search begins for samsung
2021-08-01 16:28:58,071:INFO:flipkrat.py:Url hitted
2021-08-01 16:28:58,144:INFO:flipkrat.py:login popup handled
2021-08-01 16:31:59,312:INFO:flipkrat.py:Url hitted
2021-08-01 16:31:59,384:INFO:flipkrat.py:login popup handled
2021-12-05 20:02:01,224:INFO:flipkrat.py:Url hitted
2021-12-05 20:02:01,966:INFO:flipkrat.py:login popup handled
2021-12-05 20:02:02,069:INFO:flipkrat.py:Search begins for samsung
2021-12-18 19:48:58,493:INFO:flipkrat.py:Url hitted
2021-12-18 19:48:58,541:INFO:flipkrat.py:login popup handled
2021-12-18 19:48:58,671:INFO:flipkrat.py:Search begins for iphone7
2022-01-25 21:34:41,686:INFO:flipkrat.py:Url hitted
2022-01-25 21:34:41,789:INFO:flipkrat.py:login popup handled
2022-01-25 21:34:41,955:INFO:flipkrat.py:Search begins for Samsung
2022-01-25 21:46:11,519:INFO:flipkrat.py:Url hitted
2022-01-25 21:46:11,784:INFO:flipkrat.py:login popup handled
2022-01-25 22:36:21,319:INFO:flipkrat.py:Url hitted
2022-01-25 22:36:21,387:INFO:flipkrat.py:login popup handled
2022-01-25 22:36:21,752:INFO:flipkrat.py:Search begins for msi
2022-01-25 22:38:53,071:INFO:flipkrat.py:Url hitted
2022-01-25 22:38:53,149:INFO:flipkrat.py:login popup handled
2022-01-25 22:38:53,293:INFO:flipkrat.py:Search begins for Apple
2022-01-25 22:45:55,902:INFO:flipkrat.py:Thread run completed
2022-01-25 22:47:29,748:INFO:flipkrat.py:Url hitted
2022-01-25 22:47:29,826:INFO:flipkrat.py:login popup handled
2022-01-25 22:47:30,011:INFO:flipkrat.py:Search begins for LorealProfessionalShampoo
2022-01-25 22:47:31,459:INFO:flipkrat.py:Thread run completed
2022-01-25 22:48:10,428:INFO:flipkrat.py:Url hitted
2022-01-25 22:48:10,511:INFO:flipkrat.py:login popup handled
2022-01-25 22:48:10,690:INFO:flipkrat.py:Search begins for LorealShampoo
2022-01-25 22:48:55,247:INFO:flipkrat.py:Thread run completed
2022-01-25 22:52:02,936:INFO:flipkrat.py:Url hitted
2022-01-25 22:52:03,018:INFO:flipkrat.py:login popup handled
2022-01-25 22:52:03,239:INFO:flipkrat.py:Search begins for NIVEABodyLotionforDrySkin,Rose&ArganOil
2022-01-25 22:53:57,235:INFO:flipkrat.py:Thread run completed
2022-01-25 22:59:57,758:INFO:flipkrat.py:Url hitted
2022-01-25 22:59:57,840:INFO:flipkrat.py:login popup handled
2022-01-25 22:59:58,041:INFO:flipkrat.py:Search begins for SurhiMenSlimFitCheckeredCasualShirt
2022-01-25 22:59:59,194:INFO:flipkrat.py:Thread run completed
2022-01-25 23:00:23,500:INFO:flipkrat.py:Url hitted
2022-01-25 23:00:23,588:INFO:flipkrat.py:login popup handled
2022-01-25 23:00:23,731:INFO:flipkrat.py:Search begins for Surhi
2022-01-25 23:02:54,808:INFO:flipkrat.py:Thread run completed
2022-01-25 23:09:53,599:INFO:flipkrat.py:Url hitted
2022-01-25 23:09:56,414:INFO:flipkrat.py:login popup handled
2022-01-25 23:09:58,345:INFO:flipkrat.py:Search begins for Redminote8
2022-01-25 23:10:54,149:INFO:flipkrat.py:Thread run completed
2022-01-25 23:12:27,744:INFO:flipkrat.py:Url hitted
2022-01-25 23:12:27,840:INFO:flipkrat.py:login popup handled
2022-01-25 23:12:28,056:INFO:flipkrat.py:Search begins for MacbookPro
2022-01-25 23:15:54,035:INFO:flipkrat.py:Thread run completed
2022-01-26 21:04:13,438:INFO:flipkrat.py:Url hitted
2022-01-26 21:04:13,550:INFO:flipkrat.py:login popup handled
2022-01-26 21:04:13,723:INFO:flipkrat.py:Search begins for RedmiSmartTV
2022-01-26 21:05:07,634:INFO:flipkrat.py:Url hitted
2022-01-26 21:05:07,701:INFO:flipkrat.py:login popup handled
2022-01-26 21:05:07,886:INFO:flipkrat.py:Search begins for SonySmartTV
2022-01-26 21:07:13,174:INFO:flipkrat.py:Url hitted
2022-01-26 21:07:13,291:INFO:flipkrat.py:login popup handled
2022-01-26 21:07:13,532:INFO:flipkrat.py:Search begins for SAMSUNG80cm(32inch)HDReadyLEDSmartTV
2022-01-26 21:09:45,420:INFO:flipkrat.py:Url hitted
2022-01-26 21:09:45,495:INFO:flipkrat.py:login popup handled
2022-01-26 21:09:45,702:INFO:flipkrat.py:Search begins for SAMSUNG80cm(32inch)HDReadyLEDSmartTV
2022-01-26 21:12:52,049:INFO:flipkrat.py:Url hitted
2022-01-26 21:12:52,135:INFO:flipkrat.py:login popup handled
2022-01-26 21:12:52,284:INFO:flipkrat.py:Search begins for Boat
2022-01-26 21:13:17,653:INFO:flipkrat.py:Url hitted
2022-01-26 21:13:17,813:INFO:flipkrat.py:login popup handled
2022-01-26 21:13:18,129:INFO:flipkrat.py:Search begins for Boat
2022-01-26 21:13:35,481:INFO:flipkrat.py:Url hitted
2022-01-26 21:13:35,656:INFO:flipkrat.py:login popup handled
2022-01-26 21:13:36,079:INFO:flipkrat.py:Search begins for boAtRockerz450withUpto15HoursPlaybackBluetoothHeadset
2022-01-26 21:13:54,308:INFO:flipkrat.py:Url hitted
2022-01-26 21:13:54,466:INFO:flipkrat.py:login popup handled
2022-01-26 21:13:54,786:INFO:flipkrat.py:Search begins for RedmiNote9
2022-01-26 21:17:07,668:INFO:flipkrat.py:Url hitted
2022-01-26 21:17:07,754:INFO:flipkrat.py:login popup handled
2022-01-26 21:17:07,914:INFO:flipkrat.py:Search begins for RedmiNote9
2022-01-26 21:46:42,499:INFO:flipkrat.py:Url hitted
2022-01-26 21:46:42,891:INFO:flipkrat.py:login popup handled
2022-01-26 21:46:43,086:INFO:flipkrat.py:Search begins for Redminote8
2022-01-26 21:49:28,211:INFO:flipkrat.py:Url hitted
2022-01-26 21:49:28,283:INFO:flipkrat.py:login popup handled
2022-01-26 21:49:28,471:INFO:flipkrat.py:Search begins for iphone-11
2022-01-26 22:19:30,383:INFO:flipkrat.py:Url hitted
2022-01-26 22:19:30,907:INFO:flipkrat.py:login popup handled
2022-01-26 22:19:31,039:INFO:flipkrat.py:Search begins for Redminote8
